GNU bash, version 4.4.20(1)-release (x86_64-pc-linux-gnu)
gcc -g p11original.c
îº§ gdb a.out
GNU gdb (Ubuntu 8.1.1-0ubuntu1) 8.1.1
Copyright (C) 2018 Free Software Foundation, Inc.
License GPLv3+: GNU GPL version 3 or later <http://gnu.org/licenses/gpl.html>
This is free software: you are free to change and redistribute it.
There is NO WARRANTY, to the extent permitted by law.  Type "show copying"
and "show warranty" for details.
This GDB was configured as "x86_64-linux-gnu".
Type "show configuration" for configuration details.
For bug reporting instructions, please see:
<http://www.gnu.org/software/gdb/bugs/>.
Find the GDB manual and other documentation resources online at:
<http://www.gnu.org/software/gdb/documentation/>.
For help, type "help".
Type "apropos word" to search for commands related to "word"...
Reading symbols from a.out...done.
(gdb) b main
Breakpoint 1 at 0x9ac: file p11original.c, line 44.
(gdb) r
Starting program: /home/runner/pps-test1-Anishsuresh3-2/a.out 
warning: Error disabling address space randomization: Operation not permitted

Breakpoint 1, main () at p11original.c:44
44  {
(gdb) n
45    int n=get_n();
(gdb) s
get_n () at p11original.c:7
7   {
(gdb) n
9     printf("Enter the no. of complex numbers:\n");
(gdb) n
Enter the no. of complex numbers:
10    scanf("%d",&n);
(gdb) n
3
11    return n;
(gdb) n
12  }
(gdb) n
main () at p11original.c:46
46    Complex r,c[n];
(gdb) n
47    input_n_complex(n,c);
(gdb) s
input_n_complex (n=3, c=0x7ffc533b7130) at p11original.c:16
16    for (int i = 0; i < n; i++)
(gdb) n
18     printf("Enter the complex number:\n");
(gdb) n
Enter the complex number:
19     scanf("%f%f",&c[i].real,&c[i].imaginary);
(gdb) n
2 3
16    for (int i = 0; i < n; i++)
(gdb) n
18     printf("Enter the complex number:\n");
(gdb) n
Enter the complex number:
19     scanf("%f%f",&c[i].real,&c[i].imaginary);
(gdb) n
6 5
16    for (int i = 0; i < n; i++)
(gdb) n
18     printf("Enter the complex number:\n");
(gdb) n
Enter the complex number:
19     scanf("%f%f",&c[i].real,&c[i].imaginary);
(gdb) n
11 12
16    for (int i = 0; i < n; i++)
(gdb) n
21  }
(gdb) n
main () at p11original.c:48
48    r=add_n_complex(n,c);
(gdb) s
add_n_complex (n=3, c=0x7ffc533b7130) at p11original.c:25
25    temp.real=0;
(gdb) n
26    temp.imaginary=0;
(gdb) n
27    for (int i = 0; i < n; i++)
(gdb) n
29      temp.real+=c[i].real;
(gdb) n
30      temp.imaginary+=c[i].imaginary;
(gdb) n
27    for (int i = 0; i < n; i++)
(gdb) n
29      temp.real+=c[i].real;
(gdb) n
30      temp.imaginary+=c[i].imaginary;
(gdb) n
27    for (int i = 0; i < n; i++)
(gdb) n
29      temp.real+=c[i].real;
(gdb) n
30      temp.imaginary+=c[i].imaginary;
(gdb) n
27    for (int i = 0; i < n; i++)
(gdb) n
32    return (temp);
(gdb) n
33  }
(gdb) n
main () at p11original.c:49
49    output(n,c,r);
(gdb) s
output (n=3, c=0x7ffc533b7130, r=...) at p11original.c:37
37    for (i = 0; i < n-1; i++)
(gdb) n
39      printf("%f+i%f + ",c[i].real,c[i].imaginary);
(gdb) n
37    for (i = 0; i < n-1; i++)
(gdb) n
39      printf("%f+i%f + ",c[i].real,c[i].imaginary);
(gdb) n
37    for (i = 0; i < n-1; i++)
(gdb) n
41    printf("%f+i%f = %f+i%f",c[i].real,c[i].imaginary,r.real,r.imaginary);
(gdb) n
42  }
(gdb) n
main () at p11original.c:50
50    return 0;
(gdb) n
51  }
(gdb) n
__libc_start_main (main=0x557ad5e0099b <main>, argc=1, argv=0x7ffc533b72a8, 
    init=<optimized out>, fini=<optimized out>, rtld_fini=<optimized out>, 
    stack_end=0x7ffc533b7298) at ../csu/libc-start.c:344
344 ../csu/libc-start.c: No such file or directory.
(gdb) n
2.000000+i3.000000 + 6.000000+i5.000000 + 11.000000+i12.000000 = 19.000000+i20.000000[Inferior 1 (process 281) exited normally]
(gdb) q
