GNU bash, version 4.4.20(1)-release (x86_64-pc-linux-gnu)
gcc -g p2original.c
îº§ gdb a.out
GNU gdb (Ubuntu 8.1.1-0ubuntu1) 8.1.1
Copyright (C) 2018 Free Software Foundation, Inc.
License GPLv3+: GNU GPL version 3 or later <http://gnu.org/licenses/gpl.html>
This is free software: you are free to change and redistribute it.
There is NO WARRANTY, to the extent permitted by law.  Type "show copying"
and "show warranty" for details.
This GDB was configured as "x86_64-linux-gnu".
Type "show configuration" for configuration details.
For bug reporting instructions, please see:
<http://www.gnu.org/software/gdb/bugs/>.
Find the GDB manual and other documentation resources online at:
<http://www.gnu.org/software/gdb/documentation/>.
For help, type "help".
Type "apropos word" to search for commands related to "word"...
Reading symbols from a.out...done.
(gdb) b main
Breakpoint 1 at 0x7b4: file p2original.c, line 20.
(gdb) r
Starting program: /home/runner/pps-test1-Anishsuresh3-2/a.out 
warning: Error disabling address space randomization: Operation not permitted

Breakpoint 1, main () at p2original.c:20
20    a=input();
(gdb) s
input () at p2original.c:3
3   {
(gdb) n
5     scanf("%d",&q);
(gdb) n
2
6     return q;
(gdb) n
7   }
(gdb) n
main () at p2original.c:21
21    b=input();
(gdb) s
input () at p2original.c:3
3   {
(gdb) n
5     scanf("%d",&q);
(gdb) n
7
6     return q;
(gdb) n
7   }
(gdb) n
main () at p2original.c:22
22    s=add(a,b);
(gdb) s
add (x=2, y=7) at p2original.c:10
10    int sum=x+y;
(gdb) n
11    return sum;
(gdb) n
12  }
(gdb) n
main () at p2original.c:23
23    output(a,b,s);
(gdb) s
output (c=2, d=7, sum=9) at p2original.c:15
15    printf("sum of %d+%d is %d",c,d,sum);
(gdb) n
16  }
(gdb) n
main () at p2original.c:24
24    return 0;
(gdb) n
25  }(gdb) n
__libc_start_main (main=0x562a438007ac <main>, argc=1, argv=0x7ffeac2cbd28, 
    init=<optimized out>, fini=<optimized out>, rtld_fini=<optimized out>, 
    stack_end=0x7ffeac2cbd18) at ../csu/libc-start.c:344
344 ../csu/libc-start.c: No such file or directory.
(gdb) n
sum of 2+7 is 9[Inferior 1 (process 371) exited normally]
(gdb) q